<!DOCTYPE html>
<html lang="en">
<head>

</head>
<body>
Test

    <div>{'test': 'test'}</div>

</body>
</html>