{
    "title": "Testing",
    "items": [
        {
            "title": "Article 1",
            "href": "http://test_individual_rss.com/1",
            "pub_date": "20250319T143000Z"
        },
        {
            "title": "Article 2",
            "href": "http://test_individual_rss.com/2",
            "pub_date": "20250319T130000Z"
        },
        {
            "title": "Article 3",
            "href": "http://test_individual_rss.com/3",
            "pub_date": "20250319T030102Z"
        },
        {
            "title": "Article 4",
            "href": "http://test_individual_rss.com/4",
            "pub_date": "20250319T020103Z"
        },
        {
            "title": "Article 5",
            "href": "http://test_individual_rss.com/5",
            "pub_date": "20250318T140100Z"
        }
    ]

}