<b>Testing</b><br>

    <a href="http://test_individual_rss.com/1">Article 1</a><br>

    <a href="http://test_individual_rss.com/2">Article 2</a><br>

    <a href="http://test_individual_rss.com/3">Article 3</a><br>

    <a href="http://test_individual_rss.com/4">Article 4</a><br>

    <a href="http://test_individual_rss.com/5">Article 5</a><br>
